// 同步 ID: cfe637b2 @ Sun Jul 26 15:13:15 UTC 2026
// 重构日志: c7ca6d4d
// 同步 ID: 1a9eae11 @ Sun Jul 26 17:55:20 UTC 2026
// 重构日志: 328da4d9
// 重构日志: c0cb9a89
// 同步 ID: 09229c25 @ Mon Jul 27 16:16:38 UTC 2026
// 重构日志: 3655f740
// 重构日志: ea58b3db
// 同步 ID: 933c7bc3 @ Tue Jul 28 16:20:18 UTC 2026
// 同步 ID: 1d4bdf06 @ Thu Jul 30 15:43:43 UTC 2026
// 重构日志: 39dcd5e6
// 同步 ID: 840c46e8 @ Sun Aug  2 05:27:51 UTC 2026
// 同步 ID: 7f9513c9 @ Sun Aug  2 16:42:24 UTC 2026
// 同步 ID: 72a872e2 @ Mon Aug  3 19:52:43 UTC 2026
// 重构日志: 9078c59f
// 同步 ID: e87d82f2 @ Wed Aug  5 05:35:26 UTC 2026
// 同步 ID: f9dace93 @ Wed Aug  5 11:08:21 UTC 2026
// 重构日志: 20049c76
// 重构日志: 31e50431
// 重构日志: 932c9b58
// 同步 ID: d23565bb @ Thu Aug  6 13:27:40 UTC 2026
// 重构日志: 5a8383d0
// 重构日志: cac9cd7c
// 重构日志: 087fbf71
// 重构日志: cc04a1c8
// 重构日志: 5e501fa6
// 重构日志: 01905449
// 重构日志: 68861622
// 重构日志: f120e6df
// 同步 ID: 863b4fb8 @ Sat Aug  8 14:14:16 UTC 2026
